tests/test_cli_timeout.py::test_run_refuses_invalid_timeout_before_touching_inputs_or_outputs[nan]
tests/test_cli_timeout.py::test_run_refuses_invalid_timeout_before_touching_inputs_or_outputs[NaN]
tests/test_cli_timeout.py::test_run_refuses_invalid_timeout_before_touching_inputs_or_outputs[inf]
tests/test_cli_timeout.py::test_run_refuses_invalid_timeout_before_touching_inputs_or_outputs[+inf]
tests/test_cli_timeout.py::test_run_refuses_invalid_timeout_before_touching_inputs_or_outputs[-inf]
tests/test_cli_timeout.py::test_run_refuses_invalid_timeout_before_touching_inputs_or_outputs[1e309]
tests/test_cli_timeout.py::test_run_refuses_invalid_timeout_before_touching_inputs_or_outputs[0]
tests/test_cli_timeout.py::test_run_refuses_invalid_timeout_before_touching_inputs_or_outputs[-0.0]
tests/test_cli_timeout.py::test_run_refuses_invalid_timeout_before_touching_inputs_or_outputs[-1]
tests/test_cli_timeout.py::test_run_accepts_finite_positive_timeout_without_changes[0.125]
tests/test_cli_timeout.py::test_run_accepts_finite_positive_timeout_without_changes[6e1]
tests/test_cli_timeout.py::test_run_accepts_finite_positive_timeout_without_changes[60]
tests/test_cli_timeout.py::test_run_default_and_explicit_timeout_execute_real_scripted_pytest[None]
tests/test_cli_timeout.py::test_run_default_and_explicit_timeout_execute_real_scripted_pytest[60]
tests/test_cli_diff_transport.py::RawDiffTransportTests::test_binary_stdin_works_with_an_explicit_strict_text_decoder
tests/test_cli_diff_transport.py::RawDiffTransportTests::test_legacy_git_and_saved_file_previews_keep_native_source_text
tests/test_cli_diff_transport.py::RawDiffTransportTests::test_one_diff_can_contain_multiple_source_encodings_and_a_quoted_path
tests/test_cli_diff_transport.py::RawDiffTransportTests::test_raw_diffs_generate_executed_tests_and_exact_applicable_patches
tests/test_cli_diff_transport.py::RawDiffTransportTests::test_saved_diff_universal_newlines_remain_supported
tests/test_cli_diff_transport.py::RawDiffTransportTests::test_text_only_stdin_callers_remain_supported_without_generation
tests/test_cli_diff_transport.py::RawDiffTransportTests::test_utf8_and_ascii_inputs_retain_route_parity
tests/test_cli_python.py::test_project_environment_runs_baseline_generation_and_repair[absolute]
tests/test_cli_python.py::test_project_environment_runs_baseline_generation_and_repair[relative]
tests/test_cli_python.py::test_project_environment_runs_baseline_generation_and_repair[path]
tests/test_cli_python.py::test_project_environment_runs_baseline_generation_and_repair[symlink-parent]
tests/test_cli_python.py::test_default_interpreter_remains_the_tool_environment
tests/test_cli_python.py::test_invalid_interpreter_is_a_configuration_error_before_outputs[missing]
tests/test_cli_python.py::test_invalid_interpreter_is_a_configuration_error_before_outputs[directory]
tests/test_cli_python.py::test_invalid_interpreter_is_a_configuration_error_before_outputs[not-executable]
tests/test_cli_python.py::test_missing_optional_flag_still_runs_a_dependency_free_project
tests/test_cli_targets.py::TargetPreviewTests::test_default_human_preview_names_the_exact_location
tests/test_cli_targets.py::TargetPreviewTests::test_empty_diff_is_a_successful_empty_preview
tests/test_cli_targets.py::TargetPreviewTests::test_existing_run_retains_native_no_changes_reports
tests/test_cli_targets.py::TargetPreviewTests::test_file_and_stdin_preview_have_identical_target_records
tests/test_cli_targets.py::TargetPreviewTests::test_git_preview_selects_native_target_without_executing_project
tests/test_cli_targets.py::TargetPreviewTests::test_help_and_source_options_do_not_accept_generation_options
tests/test_cli_targets.py::TargetPreviewTests::test_input_and_native_selector_failures_have_no_success_output
tests/test_cli_targets.py::TargetPreviewTests::test_saved_diff_preview_never_constructs_model_or_test_runner
tests/test_explicit_target_cli.py::test_real_preview_default_and_explicit_stdin
tests/test_explicit_target_cli.py::test_run_refuses_target_before_constructing_model
tests/test_cli_coverage.py::test_default_and_explicit_choice_keep_successful_tests[False]
tests/test_cli_coverage.py::test_default_and_explicit_choice_keep_successful_tests[True]
tests/test_cli_coverage.py::test_disable_bypasses_only_the_broken_optional_instrumentation
tests/test_cli_coverage.py::test_disable_preserves_a_real_generated_test_failure
tests/test_cli_coverage.py::test_disable_reaches_baseline_generation_and_repair
tests/test_cli_coverage.py::test_disable_composes_with_the_selected_project_python
tests/test_cli_git_diff_config.py::GitDiffConfigurationTests::test_display_preferences_preserve_the_same_real_target
tests/test_cli_git_diff_config.py::GitDiffConfigurationTests::test_external_diff_config_and_environment_are_not_executed
tests/test_cli_git_diff_config.py::GitDiffConfigurationTests::test_generation_uses_the_same_raw_git_selection
tests/test_cli_git_diff_config.py::GitDiffConfigurationTests::test_repository_textconv_is_not_executed
tests/test_cli_git_diff_config.py::GitDiffConfigurationTests::test_unchanged_project_retains_the_empty_result

51 tests collected in 0.49s
