2026-10-08T19:05:05.2975961Z Current runner version: '2.337.0'
2026-10-08T19:05:05.2996371Z ##[group]Runner Image Provisioner
2026-10-08T19:05:05.2997067Z Hosted Compute Agent
2026-10-08T19:05:05.2997740Z Version: 20261002.596
2026-10-08T19:05:05.2998323Z Commit: c3d12f3313a95f25162a1503be624f3b0617f8c0
2026-10-08T19:05:05.2998912Z Build Date: 2026-10-02T22:28:27Z
2026-10-08T19:05:05.2999530Z Worker ID: {7143b6f5-ef52-4d3b-afdf-6173221f9306}
2026-10-08T19:05:05.3000116Z Region: westus3
2026-10-08T19:05:05.3000574Z Cloud: Azure
2026-10-08T19:05:05.3001092Z ##[endgroup]
2026-10-08T19:05:05.3002286Z ##[group]Operating System
2026-10-08T19:05:05.3002827Z Ubuntu
2026-10-08T19:05:05.3003275Z 24.04.5
2026-10-08T19:05:05.3003698Z LTS
2026-10-08T19:05:05.3004165Z ##[endgroup]
2026-10-08T19:05:05.3004619Z ##[group]Runner Image
2026-10-08T19:05:05.3005119Z Image: ubuntu-24.04
2026-10-08T19:05:05.3005647Z Version: 20261004.327.1
2026-10-08T19:05:05.3006667Z Included Software: https://github.com/actions/runner-images/blob/ubuntu24/20261004.327/images/ubuntu/Ubuntu2404-Readme.md
2026-10-08T19:05:05.3008098Z Image Release: https://github.com/actions/runner-images/releases/tag/ubuntu24%2F20261004.327
2026-10-08T19:05:05.3008871Z ##[endgroup]
2026-10-08T19:05:05.3010030Z ##[group]GITHUB_TOKEN Permissions
2026-10-08T19:05:05.3011810Z Contents: read
2026-10-08T19:05:05.3012438Z Metadata: read
2026-10-08T19:05:05.3012902Z Packages: read
2026-10-08T19:05:05.3013403Z ##[endgroup]
2026-10-08T19:05:05.3015053Z Secret source: Actions
2026-10-08T19:05:05.3015840Z Cache mode: write
2026-10-08T19:05:05.3016699Z Prepare workflow directory
2026-10-08T19:05:05.3280380Z Prepare all required actions
2026-10-08T19:05:05.3320404Z Getting action download info
2026-10-08T19:05:05.6124077Z Download action repository 'actions/checkout@11d5960a326750d5838078e36cf38b85af677262' (SHA:11d5960a326750d5838078e36cf38b85af677262)
2026-10-08T19:05:05.7039098Z Download action repository 'actions/setup-python@a26af69be951a213d495a4c3e4e4022e16d87065' (SHA:a26af69be951a213d495a4c3e4e4022e16d87065)
2026-10-08T19:05:05.8810636Z Complete job name: tests
2026-10-08T19:05:05.9392523Z ##[group]Run actions/checkout@11d5960a326750d5838078e36cf38b85af677262
2026-10-08T19:05:05.9393320Z with:
2026-10-08T19:05:05.9393677Z   repository: Jacob-Met/testpilot
2026-10-08T19:05:05.9396555Z   token: ***
2026-10-08T19:05:05.9396909Z   ssh-strict: true
2026-10-08T19:05:05.9397261Z   ssh-user: git
2026-10-08T19:05:05.9397829Z   persist-credentials: true
2026-10-08T19:05:05.9398219Z   clean: true
2026-10-08T19:05:05.9398578Z   sparse-checkout-cone-mode: true
2026-10-08T19:05:05.9398994Z   fetch-depth: 1
2026-10-08T19:05:05.9399336Z   fetch-tags: false
2026-10-08T19:05:05.9399686Z   show-progress: true
2026-10-08T19:05:05.9400033Z   lfs: false
2026-10-08T19:05:05.9400358Z   submodules: false
2026-10-08T19:05:05.9400720Z   set-safe-directory: true
2026-10-08T19:05:05.9401117Z   allow-unsafe-pr-checkout: false
2026-10-08T19:05:05.9401687Z ##[endgroup]
2026-10-08T19:05:06.0197261Z Syncing repository: Jacob-Met/testpilot
2026-10-08T19:05:06.0199530Z ##[group]Getting Git version info
2026-10-08T19:05:06.0200414Z Working directory is '/home/runner/work/testpilot/testpilot'
2026-10-08T19:05:06.0201685Z [command]/usr/bin/git version
2026-10-08T19:05:06.0252158Z git version 2.55.0
2026-10-08T19:05:06.0267449Z ##[endgroup]
2026-10-08T19:05:06.0279067Z Temporarily overriding HOME='/home/runner/work/_temp/416a743b-2013-4d18-b8f3-98b8fc8009cf' before making global git config changes
2026-10-08T19:05:06.0280875Z Adding repository directory to the temporary git global config as a safe directory
2026-10-08T19:05:06.0284614Z [command]/usr/bin/git config --global --add safe.directory /home/runner/work/testpilot/testpilot
2026-10-08T19:05:06.0330720Z Deleting the contents of '/home/runner/work/testpilot/testpilot'
2026-10-08T19:05:06.0338546Z ##[group]Initializing the repository
2026-10-08T19:05:06.0339633Z [command]/usr/bin/git init /home/runner/work/testpilot/testpilot
2026-10-08T19:05:06.0408367Z hint: Using 'master' as the name for the initial branch. This default branch name
2026-10-08T19:05:06.0409979Z hint: will change to "main" in Git 3.0. To configure the initial branch name
2026-10-08T19:05:06.0411141Z hint: to use in all of your new repositories, which will suppress this warning,
2026-10-08T19:05:06.0412221Z hint: call:
2026-10-08T19:05:06.0412710Z hint:
2026-10-08T19:05:06.0413309Z hint: 	git config --global init.defaultBranch <name>
2026-10-08T19:05:06.0414062Z hint:
2026-10-08T19:05:06.0414765Z hint: Names commonly chosen instead of 'master' are 'main', 'trunk' and
2026-10-08T19:05:06.0415920Z hint: 'development'. The just-created branch can be renamed via this command:
2026-10-08T19:05:06.0416840Z hint:
2026-10-08T19:05:06.0417339Z hint: 	git branch -m <name>
2026-10-08T19:05:06.0418117Z hint:
2026-10-08T19:05:06.0418891Z hint: Disable this message with "git config set advice.defaultBranchName false"
2026-10-08T19:05:06.0424899Z Initialized empty Git repository in /home/runner/work/testpilot/testpilot/.git/
2026-10-08T19:05:06.0433226Z [command]/usr/bin/git remote add origin https://github.com/Jacob-Met/testpilot
2026-10-08T19:05:06.0471736Z ##[endgroup]
2026-10-08T19:05:06.0472640Z ##[group]Disabling automatic garbage collection
2026-10-08T19:05:06.0474411Z [command]/usr/bin/git config --local gc.auto 0
2026-10-08T19:05:06.0501282Z ##[endgroup]
2026-10-08T19:05:06.0502132Z ##[group]Setting up auth
2026-10-08T19:05:06.0506289Z [command]/usr/bin/git config --local --name-only --get-regexp core\.sshCommand
2026-10-08T19:05:06.0533870Z [command]/usr/bin/git submodule foreach --recursive sh -c "git config --local --name-only --get-regexp 'core\.sshCommand' && git config --local --unset-all 'core.sshCommand' || :"
2026-10-08T19:05:06.1046153Z [command]/usr/bin/git config --local --name-only --get-regexp http\.https\:\/\/github\.com\/\.extraheader
2026-10-08T19:05:06.1076116Z [command]/usr/bin/git submodule foreach --recursive sh -c "git config --local --name-only --get-regexp 'http\.https\:\/\/github\.com\/\.extraheader' && git config --local --unset-all 'http.https://github.com/.extraheader' || :"
2026-10-08T19:05:06.1256986Z [command]/usr/bin/git config --local --name-only --get-regexp ^includeIf\.gitdir:
2026-10-08T19:05:06.1285463Z [command]/usr/bin/git submodule foreach --recursive git config --local --show-origin --name-only --get-regexp remote.origin.url
2026-10-08T19:05:06.1466239Z [command]/usr/bin/git config --local http.https://github.com/.extraheader AUTHORIZATION: basic ***
2026-10-08T19:05:06.1499589Z ##[endgroup]
2026-10-08T19:05:06.1500236Z ##[group]Fetching the repository
2026-10-08T19:05:06.1506650Z [command]/usr/bin/git -c protocol.version=2 fetch --no-tags --prune --no-recurse-submodules --depth=1 origin +513f17454af378ee042ccd29dc930ef332a48734:refs/remotes/origin/main
2026-10-08T19:05:08.4352316Z From https://github.com/Jacob-Met/testpilot
2026-10-08T19:05:08.4354330Z  * [new ref]         513f17454af378ee042ccd29dc930ef332a48734 -> origin/main
2026-10-08T19:05:08.4358830Z ##[endgroup]
2026-10-08T19:05:08.4360363Z ##[group]Determining the checkout info
2026-10-08T19:05:08.4362143Z ##[endgroup]
2026-10-08T19:05:08.4363750Z [command]/usr/bin/git sparse-checkout disable
2026-10-08T19:05:08.4562904Z [command]/usr/bin/git config --local --unset-all extensions.worktreeConfig
2026-10-08T19:05:08.4591198Z ##[group]Checking out the ref
2026-10-08T19:05:08.4594340Z [command]/usr/bin/git checkout --progress --force -B main refs/remotes/origin/main
2026-10-08T19:05:08.5415485Z Switched to a new branch 'main'
2026-10-08T19:05:08.5417450Z branch 'main' set up to track 'origin/main'.
2026-10-08T19:05:08.5427422Z ##[endgroup]
2026-10-08T19:05:08.5466313Z [command]/usr/bin/git log -1 --format=%H
2026-10-08T19:05:08.5490712Z 513f17454af378ee042ccd29dc930ef332a48734
2026-10-08T19:05:08.5805863Z ##[group]Run actions/setup-python@a26af69be951a213d495a4c3e4e4022e16d87065
2026-10-08T19:05:08.5807212Z with:
2026-10-08T19:05:08.5808093Z   python-version: 3.12
2026-10-08T19:05:08.5808897Z   check-latest: false
2026-10-08T19:05:08.5815722Z   token: ***
2026-10-08T19:05:08.5816672Z   update-environment: true
2026-10-08T19:05:08.5817654Z   allow-prereleases: false
2026-10-08T19:05:08.5818539Z   freethreaded: false
2026-10-08T19:05:08.5819301Z ##[endgroup]
2026-10-08T19:05:08.6884898Z ##[group]Installed versions
2026-10-08T19:05:08.6966794Z (node:2080) [DEP0040] DeprecationWarning: The `punycode` module is deprecated. Please use a userland alternative instead.
2026-10-08T19:05:08.6969325Z (Use `node --trace-deprecation ...` to show where the warning was created)
2026-10-08T19:05:08.6970904Z Successfully set up CPython (3.12.15)
2026-10-08T19:05:08.6972635Z ##[endgroup]
2026-10-08T19:05:08.7135973Z ##[group]Run pip install "pytest>=8" "coverage>=7"
2026-10-08T19:05:08.7137340Z [36;1mpip install "pytest>=8" "coverage>=7"[0m
2026-10-08T19:05:08.9002135Z shell: /usr/bin/bash -e {0}
2026-10-08T19:05:08.9003097Z env:
2026-10-08T19:05:08.9003992Z   pythonLocation: /opt/hostedtoolcache/Python/3.12.15/x64
2026-10-08T19:05:08.9005419Z   PKG_CONFIG_PATH: /opt/hostedtoolcache/Python/3.12.15/x64/lib/pkgconfig
2026-10-08T19:05:08.9006897Z   Python_ROOT_DIR: /opt/hostedtoolcache/Python/3.12.15/x64
2026-10-08T19:05:08.9008322Z   Python2_ROOT_DIR: /opt/hostedtoolcache/Python/3.12.15/x64
2026-10-08T19:05:08.9066780Z   Python3_ROOT_DIR: /opt/hostedtoolcache/Python/3.12.15/x64
2026-10-08T19:05:08.9068492Z   LD_LIBRARY_PATH: /opt/hostedtoolcache/Python/3.12.15/x64/lib
2026-10-08T19:05:08.9069681Z ##[endgroup]
2026-10-08T19:05:10.0319895Z Collecting pytest>=8
2026-10-08T19:05:10.0901337Z   Downloading pytest-9.1.1-py3-none-any.whl.metadata (7.6 kB)
2026-10-08T19:05:10.4655493Z Collecting coverage>=7
2026-10-08T19:05:10.4755167Z   Downloading coverage-7.16.2-cp312-cp312-manylinux1_x86_64.manylinux_2_28_x86_64.manylinux_2_5_x86_64.whl.metadata (8.2 kB)
2026-10-08T19:05:10.4939330Z Collecting iniconfig>=1.0.1 (from pytest>=8)
2026-10-08T19:05:10.5036121Z   Downloading iniconfig-2.3.1-py3-none-any.whl.metadata (2.8 kB)
2026-10-08T19:05:10.5222856Z Collecting packaging>=22 (from pytest>=8)
2026-10-08T19:05:10.5319567Z   Downloading packaging-26.3-py3-none-any.whl.metadata (3.5 kB)
2026-10-08T19:05:10.5484497Z Collecting pluggy<2,>=1.5 (from pytest>=8)
2026-10-08T19:05:10.5582997Z   Downloading pluggy-1.6.0-py3-none-any.whl.metadata (4.8 kB)
2026-10-08T19:05:10.6829576Z Collecting pygments>=2.7.2 (from pytest>=8)
2026-10-08T19:05:10.6927226Z   Downloading pygments-2.21.0-py3-none-any.whl.metadata (2.5 kB)
2026-10-08T19:05:10.7061083Z Downloading pytest-9.1.1-py3-none-any.whl (386 kB)
2026-10-08T19:05:10.7475735Z Downloading pluggy-1.6.0-py3-none-any.whl (20 kB)
2026-10-08T19:05:10.7666075Z Downloading coverage-7.16.2-cp312-cp312-manylinux1_x86_64.manylinux_2_28_x86_64.manylinux_2_5_x86_64.whl (258 kB)
2026-10-08T19:05:10.7870961Z Downloading iniconfig-2.3.1-py3-none-any.whl (7.6 kB)
2026-10-08T19:05:10.7984806Z Downloading packaging-26.3-py3-none-any.whl (129 kB)
2026-10-08T19:05:10.8103425Z Downloading pygments-2.21.0-py3-none-any.whl (1.3 MB)
2026-10-08T19:05:10.8408230Z    ━━━━━━━━━━━━━━━━━━━━━━━━━━━━━━━━━━━━━━━━ 1.3/1.3 MB 36.2 MB/s  0:00:00
2026-10-08T19:05:10.8904270Z Installing collected packages: pygments, pluggy, packaging, iniconfig, coverage, pytest
2026-10-08T19:05:11.9108351Z 
2026-10-08T19:05:11.9121489Z Successfully installed coverage-7.16.2 iniconfig-2.3.1 packaging-26.3 pluggy-1.6.0 pygments-2.21.0 pytest-9.1.1
2026-10-08T19:05:11.9706457Z ##[group]Run python -m pytest -q
2026-10-08T19:05:11.9706737Z [36;1mpython -m pytest -q[0m
2026-10-08T19:05:11.9765539Z shell: /usr/bin/bash -e {0}
2026-10-08T19:05:11.9765750Z env:
2026-10-08T19:05:11.9765991Z   pythonLocation: /opt/hostedtoolcache/Python/3.12.15/x64
2026-10-08T19:05:11.9766348Z   PKG_CONFIG_PATH: /opt/hostedtoolcache/Python/3.12.15/x64/lib/pkgconfig
2026-10-08T19:05:11.9766684Z   Python_ROOT_DIR: /opt/hostedtoolcache/Python/3.12.15/x64
2026-10-08T19:05:11.9767022Z   Python2_ROOT_DIR: /opt/hostedtoolcache/Python/3.12.15/x64
2026-10-08T19:05:11.9767328Z   Python3_ROOT_DIR: /opt/hostedtoolcache/Python/3.12.15/x64
2026-10-08T19:05:11.9767929Z   LD_LIBRARY_PATH: /opt/hostedtoolcache/Python/3.12.15/x64/lib
2026-10-08T19:05:11.9768190Z ##[endgroup]
2026-10-08T19:05:39.5496540Z ............................................... [ 10%]
2026-10-08T19:05:45.1459725Z ........................................................................ [ 26%]
2026-10-08T19:06:09.6578541Z ........................................................................ [ 42%]
2026-10-08T19:06:24.5152006Z ........................................................................ [ 58%]
2026-10-08T19:06:33.7450481Z ........................................................................ [ 73%]
2026-10-08T19:06:35.0384018Z ........................................................................ [ 89%]
2026-10-08T19:06:48.5936133Z ..............................................                           [100%]
2026-10-08T19:06:48.5936703Z 453 passed, 25 subtests passed in 96.33s (0:01:36)
2026-10-08T19:06:48.6412008Z Post job cleanup.
2026-10-08T19:06:48.7391847Z (node:3575) [DEP0040] DeprecationWarning: The `punycode` module is deprecated. Please use a userland alternative instead.
2026-10-08T19:06:48.7392476Z (Use `node --trace-deprecation ...` to show where the warning was created)
2026-10-08T19:06:48.7561250Z Post job cleanup.
2026-10-08T19:06:48.8258191Z [command]/usr/bin/git version
2026-10-08T19:06:48.8291981Z git version 2.55.0
2026-10-08T19:06:48.8320964Z Temporarily overriding HOME='/home/runner/work/_temp/c1e7f40f-3c35-4ef2-ac41-17b68dd99043' before making global git config changes
2026-10-08T19:06:48.8322032Z Adding repository directory to the temporary git global config as a safe directory
2026-10-08T19:06:48.8324504Z [command]/usr/bin/git config --global --add safe.directory /home/runner/work/testpilot/testpilot
2026-10-08T19:06:48.8357032Z [command]/usr/bin/git config --local --name-only --get-regexp core\.sshCommand
2026-10-08T19:06:48.8385747Z [command]/usr/bin/git submodule foreach --recursive sh -c "git config --local --name-only --get-regexp 'core\.sshCommand' && git config --local --unset-all 'core.sshCommand' || :"
2026-10-08T19:06:48.8597266Z [command]/usr/bin/git config --local --name-only --get-regexp http\.https\:\/\/github\.com\/\.extraheader
2026-10-08T19:06:48.8620936Z http.https://github.com/.extraheader
2026-10-08T19:06:48.8630000Z [command]/usr/bin/git config --local --unset-all http.https://github.com/.extraheader
2026-10-08T19:06:48.8663270Z [command]/usr/bin/git submodule foreach --recursive sh -c "git config --local --name-only --get-regexp 'http\.https\:\/\/github\.com\/\.extraheader' && git config --local --unset-all 'http.https://github.com/.extraheader' || :"
2026-10-08T19:06:48.8878253Z [command]/usr/bin/git config --local --name-only --get-regexp ^includeIf\.gitdir:
2026-10-08T19:06:48.8918064Z [command]/usr/bin/git submodule foreach --recursive git config --local --show-origin --name-only --get-regexp remote.origin.url
2026-10-08T19:06:48.9266236Z Cleaning up orphan processes
2026-10-08T19:06:48.9498207Z ##[warning]Node.js 20 is deprecated. The following actions target Node.js 20 but are being forced to run on Node.js 24: actions/checkout@11d5960a326750d5838078e36cf38b85af677262, actions/setup-python@a26af69be951a213d495a4c3e4e4022e16d87065. For more information see: https://github.blog/changelog/2025-09-19-deprecation-of-node-20-on-github-actions-runners/
