F.F.F.FFFFFFFFFFFFFFF.FFFFFFFFF                                          [100%]
=================================== FAILURES ===================================
___ test_unicode_git_paths_reach_changed_function_selection[caf\xe9.py-true] ___

repo = PosixPath('/tmp/pytest-of-root/pytest-12/test_unicode_git_paths_reach_c0')
path = 'café.py', quoted = 'true'

    @pytest.mark.parametrize("quoted", ["true", "false"])
    @pytest.mark.parametrize("path", ["café.py", "日本語.py", "src/πακέτο/δelta.py"])
    def test_unicode_git_paths_reach_changed_function_selection(repo, path, quoted):
        track(repo, path)
        write(repo, path, NEW)
        diff = git(repo, "-c", f"core.quotePath={quoted}", "diff", "--")
        changes = parse_unified_diff(diff)
>       assert [(item.path, item.old_path) for item in changes] == [(path, path)]
E       assert [('"b/caf\\30...03\\251.py"')] == [('café.py', 'café.py')]
E         
E         At index 0 diff: ('"b/caf\\303\\251.py"', '"a/caf\\303\\251.py"') != ('café.py', 'café.py')
E         Use -v to get more diff

tests/test_git_quoted_paths.py:49: AssertionError
_ test_unicode_git_paths_reach_changed_function_selection[\u65e5\u672c\u8a9e.py-true] _

repo = PosixPath('/tmp/pytest-of-root/pytest-12/test_unicode_git_paths_reach_c2')
path = '日本語.py', quoted = 'true'

    @pytest.mark.parametrize("quoted", ["true", "false"])
    @pytest.mark.parametrize("path", ["café.py", "日本語.py", "src/πακέτο/δelta.py"])
    def test_unicode_git_paths_reach_changed_function_selection(repo, path, quoted):
        track(repo, path)
        write(repo, path, NEW)
        diff = git(repo, "-c", f"core.quotePath={quoted}", "diff", "--")
        changes = parse_unified_diff(diff)
>       assert [(item.path, item.old_path) for item in changes] == [(path, path)]
E       assert [('"b/\\346\\...52\\236.py"')] == [('日本語.py', '日本語.py')]
E         
E         At index 0 diff: ('"b/\\346\\227\\245\\346\\234\\254\\350\\252\\236.py"', '"a/\\346\\227\\245\\346\\234\\254\\350\\252\\236.py"') != ('日本語.py', '日本語.py')
E         Use -v to get more diff

tests/test_git_quoted_paths.py:49: AssertionError
_ test_unicode_git_paths_reach_changed_function_selection[src/\u03c0\u03b1\u03ba\u03ad\u03c4\u03bf/\u03b4elta.py-true] _

repo = PosixPath('/tmp/pytest-of-root/pytest-12/test_unicode_git_paths_reach_c4')
path = 'src/πακέτο/δelta.py', quoted = 'true'

    @pytest.mark.parametrize("quoted", ["true", "false"])
    @pytest.mark.parametrize("path", ["café.py", "日本語.py", "src/πακέτο/δelta.py"])
    def test_unicode_git_paths_reach_changed_function_selection(repo, path, quoted):
        track(repo, path)
        write(repo, path, NEW)
        diff = git(repo, "-c", f"core.quotePath={quoted}", "diff", "--")
        changes = parse_unified_diff(diff)
>       assert [(item.path, item.old_path) for item in changes] == [(path, path)]
E       assert [('"b/src/\\3...264elta.py"')] == [('src/πακέτο...το/δelta.py')]
E         
E         At index 0 diff: ('"b/src/\\317\\200\\316\\261\\316\\272\\316\\255\\317\\204\\316\\277/\\316\\264elta.py"', '"a/src/\\317\\200\\316\\261\\316\\272\\316\\255\\317\\204\\316\\277/\\316\\264elta.py"') != ('src/πακέτο/δelta.py', 'src/πακέτο/δelta.py')
E         Use -v to get more diff

tests/test_git_quoted_paths.py:49: AssertionError
______ test_git_escaped_filenames_preserve_exact_path[quote"name.py-true] ______

repo = PosixPath('/tmp/pytest-of-root/pytest-12/test_git_escaped_filenames_pre0')
path = 'quote"name.py', quoted = 'true'

    @pytest.mark.parametrize("quoted", ["true", "false"])
    @pytest.mark.parametrize("path", [
        'quote"name.py', "back\\slash.py", "tab\tname.py", "line\nname.py",
        "return\rname.py", "café\tname.py",
    ])
    def test_git_escaped_filenames_preserve_exact_path(repo, path, quoted):
        track(repo, path)
        write(repo, path, NEW)
        diff = git(repo, "-c", f"core.quotePath={quoted}", "diff", "--")
        changes = parse_unified_diff(diff)
>       assert [(item.path, item.old_path) for item in changes] == [(path, path)]
E       assert [('"b/quote\\...\\"name.py"')] == [('quote"name...ote"name.py')]
E         
E         At index 0 diff: ('"b/quote\\"name.py"', '"a/quote\\"name.py"') != ('quote"name.py', 'quote"name.py')
E         Use -v to get more diff

tests/test_git_quoted_paths.py:66: AssertionError
_____ test_git_escaped_filenames_preserve_exact_path[quote"name.py-false] ______

repo = PosixPath('/tmp/pytest-of-root/pytest-12/test_git_escaped_filenames_pre1')
path = 'quote"name.py', quoted = 'false'

    @pytest.mark.parametrize("quoted", ["true", "false"])
    @pytest.mark.parametrize("path", [
        'quote"name.py', "back\\slash.py", "tab\tname.py", "line\nname.py",
        "return\rname.py", "café\tname.py",
    ])
    def test_git_escaped_filenames_preserve_exact_path(repo, path, quoted):
        track(repo, path)
        write(repo, path, NEW)
        diff = git(repo, "-c", f"core.quotePath={quoted}", "diff", "--")
        changes = parse_unified_diff(diff)
>       assert [(item.path, item.old_path) for item in changes] == [(path, path)]
E       assert [('"b/quote\\...\\"name.py"')] == [('quote"name...ote"name.py')]
E         
E         At index 0 diff: ('"b/quote\\"name.py"', '"a/quote\\"name.py"') != ('quote"name.py', 'quote"name.py')
E         Use -v to get more diff

tests/test_git_quoted_paths.py:66: AssertionError
_____ test_git_escaped_filenames_preserve_exact_path[back\\slash.py-true] ______

repo = PosixPath('/tmp/pytest-of-root/pytest-12/test_git_escaped_filenames_pre2')
path = 'back\\slash.py', quoted = 'true'

    @pytest.mark.parametrize("quoted", ["true", "false"])
    @pytest.mark.parametrize("path", [
        'quote"name.py', "back\\slash.py", "tab\tname.py", "line\nname.py",
        "return\rname.py", "café\tname.py",
    ])
    def test_git_escaped_filenames_preserve_exact_path(repo, path, quoted):
        track(repo, path)
        write(repo, path, NEW)
        diff = git(repo, "-c", f"core.quotePath={quoted}", "diff", "--")
        changes = parse_unified_diff(diff)
>       assert [(item.path, item.old_path) for item in changes] == [(path, path)]
E       assert [('"b/back\\\...\\slash.py"')] == [('back\\slas...k\\slash.py')]
E         
E         At index 0 diff: ('"b/back\\\\slash.py"', '"a/back\\\\slash.py"') != ('back\\slash.py', 'back\\slash.py')
E         Use -v to get more diff

tests/test_git_quoted_paths.py:66: AssertionError
_____ test_git_escaped_filenames_preserve_exact_path[back\\slash.py-false] _____

repo = PosixPath('/tmp/pytest-of-root/pytest-12/test_git_escaped_filenames_pre3')
path = 'back\\slash.py', quoted = 'false'

    @pytest.mark.parametrize("quoted", ["true", "false"])
    @pytest.mark.parametrize("path", [
        'quote"name.py', "back\\slash.py", "tab\tname.py", "line\nname.py",
        "return\rname.py", "café\tname.py",
    ])
    def test_git_escaped_filenames_preserve_exact_path(repo, path, quoted):
        track(repo, path)
        write(repo, path, NEW)
        diff = git(repo, "-c", f"core.quotePath={quoted}", "diff", "--")
        changes = parse_unified_diff(diff)
>       assert [(item.path, item.old_path) for item in changes] == [(path, path)]
E       assert [('"b/back\\\...\\slash.py"')] == [('back\\slas...k\\slash.py')]
E         
E         At index 0 diff: ('"b/back\\\\slash.py"', '"a/back\\\\slash.py"') != ('back\\slash.py', 'back\\slash.py')
E         Use -v to get more diff

tests/test_git_quoted_paths.py:66: AssertionError
______ test_git_escaped_filenames_preserve_exact_path[tab\tname.py-true] _______

repo = PosixPath('/tmp/pytest-of-root/pytest-12/test_git_escaped_filenames_pre4')
path = 'tab\tname.py', quoted = 'true'

    @pytest.mark.parametrize("quoted", ["true", "false"])
    @pytest.mark.parametrize("path", [
        'quote"name.py', "back\\slash.py", "tab\tname.py", "line\nname.py",
        "return\rname.py", "café\tname.py",
    ])
    def test_git_escaped_filenames_preserve_exact_path(repo, path, quoted):
        track(repo, path)
        write(repo, path, NEW)
        diff = git(repo, "-c", f"core.quotePath={quoted}", "diff", "--")
        changes = parse_unified_diff(diff)
>       assert [(item.path, item.old_path) for item in changes] == [(path, path)]
E       assert [('"b/tab\\tn...\\tname.py"')] == [('tab\tname....ab\tname.py')]
E         
E         At index 0 diff: ('"b/tab\\tname.py"', '"a/tab\\tname.py"') != ('tab\tname.py', 'tab\tname.py')
E         Use -v to get more diff

tests/test_git_quoted_paths.py:66: AssertionError
______ test_git_escaped_filenames_preserve_exact_path[tab\tname.py-false] ______

repo = PosixPath('/tmp/pytest-of-root/pytest-12/test_git_escaped_filenames_pre5')
path = 'tab\tname.py', quoted = 'false'

    @pytest.mark.parametrize("quoted", ["true", "false"])
    @pytest.mark.parametrize("path", [
        'quote"name.py', "back\\slash.py", "tab\tname.py", "line\nname.py",
        "return\rname.py", "café\tname.py",
    ])
    def test_git_escaped_filenames_preserve_exact_path(repo, path, quoted):
        track(repo, path)
        write(repo, path, NEW)
        diff = git(repo, "-c", f"core.quotePath={quoted}", "diff", "--")
        changes = parse_unified_diff(diff)
>       assert [(item.path, item.old_path) for item in changes] == [(path, path)]
E       assert [('"b/tab\\tn...\\tname.py"')] == [('tab\tname....ab\tname.py')]
E         
E         At index 0 diff: ('"b/tab\\tname.py"', '"a/tab\\tname.py"') != ('tab\tname.py', 'tab\tname.py')
E         Use -v to get more diff

tests/test_git_quoted_paths.py:66: AssertionError
______ test_git_escaped_filenames_preserve_exact_path[line\nname.py-true] ______

repo = PosixPath('/tmp/pytest-of-root/pytest-12/test_git_escaped_filenames_pre6')
path = 'line\nname.py', quoted = 'true'

    @pytest.mark.parametrize("quoted", ["true", "false"])
    @pytest.mark.parametrize("path", [
        'quote"name.py', "back\\slash.py", "tab\tname.py", "line\nname.py",
        "return\rname.py", "café\tname.py",
    ])
    def test_git_escaped_filenames_preserve_exact_path(repo, path, quoted):
        track(repo, path)
        write(repo, path, NEW)
        diff = git(repo, "-c", f"core.quotePath={quoted}", "diff", "--")
        changes = parse_unified_diff(diff)
>       assert [(item.path, item.old_path) for item in changes] == [(path, path)]
E       assert [('"b/line\\n...\\nname.py"')] == [('line\nname...ne\nname.py')]
E         
E         At index 0 diff: ('"b/line\\nname.py"', '"a/line\\nname.py"') != ('line\nname.py', 'line\nname.py')
E         Use -v to get more diff

tests/test_git_quoted_paths.py:66: AssertionError
_____ test_git_escaped_filenames_preserve_exact_path[line\nname.py-false] ______

repo = PosixPath('/tmp/pytest-of-root/pytest-12/test_git_escaped_filenames_pre7')
path = 'line\nname.py', quoted = 'false'

    @pytest.mark.parametrize("quoted", ["true", "false"])
    @pytest.mark.parametrize("path", [
        'quote"name.py', "back\\slash.py", "tab\tname.py", "line\nname.py",
        "return\rname.py", "café\tname.py",
    ])
    def test_git_escaped_filenames_preserve_exact_path(repo, path, quoted):
        track(repo, path)
        write(repo, path, NEW)
        diff = git(repo, "-c", f"core.quotePath={quoted}", "diff", "--")
        changes = parse_unified_diff(diff)
>       assert [(item.path, item.old_path) for item in changes] == [(path, path)]
E       assert [('"b/line\\n...\\nname.py"')] == [('line\nname...ne\nname.py')]
E         
E         At index 0 diff: ('"b/line\\nname.py"', '"a/line\\nname.py"') != ('line\nname.py', 'line\nname.py')
E         Use -v to get more diff

tests/test_git_quoted_paths.py:66: AssertionError
_____ test_git_escaped_filenames_preserve_exact_path[return\rname.py-true] _____

repo = PosixPath('/tmp/pytest-of-root/pytest-12/test_git_escaped_filenames_pre8')
path = 'return\rname.py', quoted = 'true'

    @pytest.mark.parametrize("quoted", ["true", "false"])
    @pytest.mark.parametrize("path", [
        'quote"name.py', "back\\slash.py", "tab\tname.py", "line\nname.py",
        "return\rname.py", "café\tname.py",
    ])
    def test_git_escaped_filenames_preserve_exact_path(repo, path, quoted):
        track(repo, path)
        write(repo, path, NEW)
        diff = git(repo, "-c", f"core.quotePath={quoted}", "diff", "--")
        changes = parse_unified_diff(diff)
>       assert [(item.path, item.old_path) for item in changes] == [(path, path)]
E       assert [('"b/return\...\\rname.py"')] == [('return\rna...rn\rname.py')]
E         
E         At index 0 diff: ('"b/return\\rname.py"', '"a/return\\rname.py"') != ('return\rname.py', 'return\rname.py')
E         Use -v to get more diff

tests/test_git_quoted_paths.py:66: AssertionError
____ test_git_escaped_filenames_preserve_exact_path[return\rname.py-false] _____

repo = PosixPath('/tmp/pytest-of-root/pytest-12/test_git_escaped_filenames_pre9')
path = 'return\rname.py', quoted = 'false'

    @pytest.mark.parametrize("quoted", ["true", "false"])
    @pytest.mark.parametrize("path", [
        'quote"name.py', "back\\slash.py", "tab\tname.py", "line\nname.py",
        "return\rname.py", "café\tname.py",
    ])
    def test_git_escaped_filenames_preserve_exact_path(repo, path, quoted):
        track(repo, path)
        write(repo, path, NEW)
        diff = git(repo, "-c", f"core.quotePath={quoted}", "diff", "--")
        changes = parse_unified_diff(diff)
>       assert [(item.path, item.old_path) for item in changes] == [(path, path)]
E       assert [('"b/return\...\\rname.py"')] == [('return\rna...rn\rname.py')]
E         
E         At index 0 diff: ('"b/return\\rname.py"', '"a/return\\rname.py"') != ('return\rname.py', 'return\rname.py')
E         Use -v to get more diff

tests/test_git_quoted_paths.py:66: AssertionError
____ test_git_escaped_filenames_preserve_exact_path[caf\xe9\tname.py-true] _____

repo = PosixPath('/tmp/pytest-of-root/pytest-12/test_git_escaped_filenames_pre10')
path = 'café\tname.py', quoted = 'true'

    @pytest.mark.parametrize("quoted", ["true", "false"])
    @pytest.mark.parametrize("path", [
        'quote"name.py', "back\\slash.py", "tab\tname.py", "line\nname.py",
        "return\rname.py", "café\tname.py",
    ])
    def test_git_escaped_filenames_preserve_exact_path(repo, path, quoted):
        track(repo, path)
        write(repo, path, NEW)
        diff = git(repo, "-c", f"core.quotePath={quoted}", "diff", "--")
        changes = parse_unified_diff(diff)
>       assert [(item.path, item.old_path) for item in changes] == [(path, path)]
E       assert [('"b/caf\\30...\\tname.py"')] == [('café\tname...fé\tname.py')]
E         
E         At index 0 diff: ('"b/caf\\303\\251\\tname.py"', '"a/caf\\303\\251\\tname.py"') != ('café\tname.py', 'café\tname.py')
E         Use -v to get more diff

tests/test_git_quoted_paths.py:66: AssertionError
____ test_git_escaped_filenames_preserve_exact_path[caf\xe9\tname.py-false] ____

repo = PosixPath('/tmp/pytest-of-root/pytest-12/test_git_escaped_filenames_pre11')
path = 'café\tname.py', quoted = 'false'

    @pytest.mark.parametrize("quoted", ["true", "false"])
    @pytest.mark.parametrize("path", [
        'quote"name.py', "back\\slash.py", "tab\tname.py", "line\nname.py",
        "return\rname.py", "café\tname.py",
    ])
    def test_git_escaped_filenames_preserve_exact_path(repo, path, quoted):
        track(repo, path)
        write(repo, path, NEW)
        diff = git(repo, "-c", f"core.quotePath={quoted}", "diff", "--")
        changes = parse_unified_diff(diff)
>       assert [(item.path, item.old_path) for item in changes] == [(path, path)]
E       assert [('"b/café\\t...\\tname.py"')] == [('café\tname...fé\tname.py')]
E         
E         At index 0 diff: ('"b/café\\tname.py"', '"a/café\\tname.py"') != ('café\tname.py', 'café\tname.py')
E         Use -v to get more diff

tests/test_git_quoted_paths.py:66: AssertionError
___________ test_quoted_new_and_deleted_paths_keep_dev_null_meaning ____________

repo = PosixPath('/tmp/pytest-of-root/pytest-12/test_quoted_new_and_deleted_pa0')

    def test_quoted_new_and_deleted_paths_keep_dev_null_meaning(repo):
        deleted, added = "café.py", "新しい.py"
        track(repo, deleted)
        (repo / deleted).unlink()
        write(repo, added, NEW)
        git(repo, "--literal-pathspecs", "add", "-A", "--")
        diff = git(repo, "-c", "core.quotePath=true", "diff", "--cached", "--no-renames", "--")
        changes = {item.path: item for item in parse_unified_diff(diff)}
>       assert set(changes) == {deleted, added}
E       assert {'"a/caf\\303...201\\204.py"'} == {'café.py', '新しい.py'}
E         
E         Extra items in the left set:
E         '"b/\\346\\226\\260\\343\\201\\227\\343\\201\\204.py"'
E         '"a/caf\\303\\251.py"'
E         Extra items in the right set:
E         '新しい.py'
E         'café.py'
E         Use -v to get more diff

tests/test_git_quoted_paths.py:78: AssertionError
____________ test_quoted_rename_with_change_uses_new_worktree_path _____________

repo = PosixPath('/tmp/pytest-of-root/pytest-12/test_quoted_rename_with_change0')

    def test_quoted_rename_with_change_uses_new_worktree_path(repo):
        old, new = "café.py", "déplacé.py"
        content = OLD + "\n" + "\n".join(f"VALUE_{i} = {i}" for i in range(20)) + "\n"
        track(repo, old, content)
        git(repo, "mv", "--", old, new)
        write(repo, new, content.replace("return 1", "return 2"))
        diff = git(repo, "-c", "core.quotePath=true", "diff", "HEAD", "--find-renames=20%", "--")
        assert "rename from" in diff
        changes = parse_unified_diff(diff)
>       assert [(item.path, item.old_path) for item in changes] == [(new, old)]
E       assert [('"b/d\\303\...03\\251.py"')] == [('déplacé.py', 'café.py')]
E         
E         At index 0 diff: ('"b/d\\303\\251plac\\303\\251.py"', '"a/caf\\303\\251.py"') != ('déplacé.py', 'café.py')
E         Use -v to get more diff

tests/test_git_quoted_paths.py:93: AssertionError
______________ test_quoted_test_paths_remain_excluded_by_default _______________

repo = PosixPath('/tmp/pytest-of-root/pytest-12/test_quoted_test_paths_remain_0')

    def test_quoted_test_paths_remain_excluded_by_default(repo):
        path = "tests/test_café.py"
        track(repo, path)
        write(repo, path, NEW)
        diff = git(repo, "-c", "core.quotePath=true", "diff", "--")
        assert changed_functions(repo, diff) == []
>       assert [(item.path, item.qualname) for item in changed_functions(repo, diff, include_tests=True)] == [(path, "price")]
E       AssertionError: assert [] == [('tests/test...py', 'price')]
E         
E         Right contains one more item: ('tests/test_café.py', 'price')
E         Use -v to get more diff

tests/test_git_quoted_paths.py:103: AssertionError
____ test_malformed_git_quoted_header_is_explicitly_refused["b/unclosed.py] ____

header = '"b/unclosed.py'

    @pytest.mark.parametrize("header", [
        '"b/unclosed.py', '"b/trailing\\"', '"b/bad\\x41.py"', '"b/bad\\u00e9.py"',
        '"b/bad\\1.py"', '"b/bad\\777.py"', '"b/nul\\000.py"', '"b/name.py"junk',
    ])
    def test_malformed_git_quoted_header_is_explicitly_refused(header):
        diff = f"--- /dev/null\n+++ {header}\n@@ -0,0 +1,2 @@\n+def price():\n+    return 2\n"
>       with pytest.raises(ValueError, match="Git-quoted"):
             ^^^^^^^^^^^^^^^^^^^^^^^^^^^^^^^^^^^^^^^^^^^^^
E       Failed: DID NOT RAISE ValueError

tests/test_git_quoted_paths.py:123: Failed
____ test_malformed_git_quoted_header_is_explicitly_refused["b/trailing\\"] ____

header = '"b/trailing\\"'

    @pytest.mark.parametrize("header", [
        '"b/unclosed.py', '"b/trailing\\"', '"b/bad\\x41.py"', '"b/bad\\u00e9.py"',
        '"b/bad\\1.py"', '"b/bad\\777.py"', '"b/nul\\000.py"', '"b/name.py"junk',
    ])
    def test_malformed_git_quoted_header_is_explicitly_refused(header):
        diff = f"--- /dev/null\n+++ {header}\n@@ -0,0 +1,2 @@\n+def price():\n+    return 2\n"
>       with pytest.raises(ValueError, match="Git-quoted"):
             ^^^^^^^^^^^^^^^^^^^^^^^^^^^^^^^^^^^^^^^^^^^^^
E       Failed: DID NOT RAISE ValueError

tests/test_git_quoted_paths.py:123: Failed
___ test_malformed_git_quoted_header_is_explicitly_refused["b/bad\\x41.py"] ____

header = '"b/bad\\x41.py"'

    @pytest.mark.parametrize("header", [
        '"b/unclosed.py', '"b/trailing\\"', '"b/bad\\x41.py"', '"b/bad\\u00e9.py"',
        '"b/bad\\1.py"', '"b/bad\\777.py"', '"b/nul\\000.py"', '"b/name.py"junk',
    ])
    def test_malformed_git_quoted_header_is_explicitly_refused(header):
        diff = f"--- /dev/null\n+++ {header}\n@@ -0,0 +1,2 @@\n+def price():\n+    return 2\n"
>       with pytest.raises(ValueError, match="Git-quoted"):
             ^^^^^^^^^^^^^^^^^^^^^^^^^^^^^^^^^^^^^^^^^^^^^
E       Failed: DID NOT RAISE ValueError

tests/test_git_quoted_paths.py:123: Failed
__ test_malformed_git_quoted_header_is_explicitly_refused["b/bad\\u00e9.py"] ___

header = '"b/bad\\u00e9.py"'

    @pytest.mark.parametrize("header", [
        '"b/unclosed.py', '"b/trailing\\"', '"b/bad\\x41.py"', '"b/bad\\u00e9.py"',
        '"b/bad\\1.py"', '"b/bad\\777.py"', '"b/nul\\000.py"', '"b/name.py"junk',
    ])
    def test_malformed_git_quoted_header_is_explicitly_refused(header):
        diff = f"--- /dev/null\n+++ {header}\n@@ -0,0 +1,2 @@\n+def price():\n+    return 2\n"
>       with pytest.raises(ValueError, match="Git-quoted"):
             ^^^^^^^^^^^^^^^^^^^^^^^^^^^^^^^^^^^^^^^^^^^^^
E       Failed: DID NOT RAISE ValueError

tests/test_git_quoted_paths.py:123: Failed
____ test_malformed_git_quoted_header_is_explicitly_refused["b/bad\\1.py"] _____

header = '"b/bad\\1.py"'

    @pytest.mark.parametrize("header", [
        '"b/unclosed.py', '"b/trailing\\"', '"b/bad\\x41.py"', '"b/bad\\u00e9.py"',
        '"b/bad\\1.py"', '"b/bad\\777.py"', '"b/nul\\000.py"', '"b/name.py"junk',
    ])
    def test_malformed_git_quoted_header_is_explicitly_refused(header):
        diff = f"--- /dev/null\n+++ {header}\n@@ -0,0 +1,2 @@\n+def price():\n+    return 2\n"
>       with pytest.raises(ValueError, match="Git-quoted"):
             ^^^^^^^^^^^^^^^^^^^^^^^^^^^^^^^^^^^^^^^^^^^^^
E       Failed: DID NOT RAISE ValueError

tests/test_git_quoted_paths.py:123: Failed
___ test_malformed_git_quoted_header_is_explicitly_refused["b/bad\\777.py"] ____

header = '"b/bad\\777.py"'

    @pytest.mark.parametrize("header", [
        '"b/unclosed.py', '"b/trailing\\"', '"b/bad\\x41.py"', '"b/bad\\u00e9.py"',
        '"b/bad\\1.py"', '"b/bad\\777.py"', '"b/nul\\000.py"', '"b/name.py"junk',
    ])
    def test_malformed_git_quoted_header_is_explicitly_refused(header):
        diff = f"--- /dev/null\n+++ {header}\n@@ -0,0 +1,2 @@\n+def price():\n+    return 2\n"
>       with pytest.raises(ValueError, match="Git-quoted"):
             ^^^^^^^^^^^^^^^^^^^^^^^^^^^^^^^^^^^^^^^^^^^^^
E       Failed: DID NOT RAISE ValueError

tests/test_git_quoted_paths.py:123: Failed
___ test_malformed_git_quoted_header_is_explicitly_refused["b/nul\\000.py"] ____

header = '"b/nul\\000.py"'

    @pytest.mark.parametrize("header", [
        '"b/unclosed.py', '"b/trailing\\"', '"b/bad\\x41.py"', '"b/bad\\u00e9.py"',
        '"b/bad\\1.py"', '"b/bad\\777.py"', '"b/nul\\000.py"', '"b/name.py"junk',
    ])
    def test_malformed_git_quoted_header_is_explicitly_refused(header):
        diff = f"--- /dev/null\n+++ {header}\n@@ -0,0 +1,2 @@\n+def price():\n+    return 2\n"
>       with pytest.raises(ValueError, match="Git-quoted"):
             ^^^^^^^^^^^^^^^^^^^^^^^^^^^^^^^^^^^^^^^^^^^^^
E       Failed: DID NOT RAISE ValueError

tests/test_git_quoted_paths.py:123: Failed
___ test_malformed_git_quoted_header_is_explicitly_refused["b/name.py"junk] ____

header = '"b/name.py"junk'

    @pytest.mark.parametrize("header", [
        '"b/unclosed.py', '"b/trailing\\"', '"b/bad\\x41.py"', '"b/bad\\u00e9.py"',
        '"b/bad\\1.py"', '"b/bad\\777.py"', '"b/nul\\000.py"', '"b/name.py"junk',
    ])
    def test_malformed_git_quoted_header_is_explicitly_refused(header):
        diff = f"--- /dev/null\n+++ {header}\n@@ -0,0 +1,2 @@\n+def price():\n+    return 2\n"
>       with pytest.raises(ValueError, match="Git-quoted"):
             ^^^^^^^^^^^^^^^^^^^^^^^^^^^^^^^^^^^^^^^^^^^^^
E       Failed: DID NOT RAISE ValueError

tests/test_git_quoted_paths.py:123: Failed
_________ test_octal_filename_bytes_round_trip_through_the_filesystem __________

repo = PosixPath('/tmp/pytest-of-root/pytest-12/test_octal_filename_bytes_roun0')

    @pytest.mark.skipif(os.name != "posix", reason="arbitrary non-UTF-8 filenames require a POSIX filesystem")
    def test_octal_filename_bytes_round_trip_through_the_filesystem(repo):
        path = os.fsdecode(b"raw_\xff.py")
        track(repo, path)
        write(repo, path, NEW)
        diff = git(repo, "-c", "core.quotePath=true", "diff", "--")
>       assert os.fsencode(parse_unified_diff(diff)[0].path) == b"raw_\xff.py"
E       assert b'"b/raw_\\377.py"' == b'raw_\xff.py'
E         
E         At index 0 diff: b'"' != b'r'
E         Use -v to get more diff

tests/test_git_quoted_paths.py:133: AssertionError
=========================== short test summary info ============================
FAILED tests/test_git_quoted_paths.py::test_unicode_git_paths_reach_changed_function_selection[caf\xe9.py-true]
FAILED tests/test_git_quoted_paths.py::test_unicode_git_paths_reach_changed_function_selection[\u65e5\u672c\u8a9e.py-true]
FAILED tests/test_git_quoted_paths.py::test_unicode_git_paths_reach_changed_function_selection[src/\u03c0\u03b1\u03ba\u03ad\u03c4\u03bf/\u03b4elta.py-true]
FAILED tests/test_git_quoted_paths.py::test_git_escaped_filenames_preserve_exact_path[quote"name.py-true]
FAILED tests/test_git_quoted_paths.py::test_git_escaped_filenames_preserve_exact_path[quote"name.py-false]
FAILED tests/test_git_quoted_paths.py::test_git_escaped_filenames_preserve_exact_path[back\\slash.py-true]
FAILED tests/test_git_quoted_paths.py::test_git_escaped_filenames_preserve_exact_path[back\\slash.py-false]
FAILED tests/test_git_quoted_paths.py::test_git_escaped_filenames_preserve_exact_path[tab\tname.py-true]
FAILED tests/test_git_quoted_paths.py::test_git_escaped_filenames_preserve_exact_path[tab\tname.py-false]
FAILED tests/test_git_quoted_paths.py::test_git_escaped_filenames_preserve_exact_path[line\nname.py-true]
FAILED tests/test_git_quoted_paths.py::test_git_escaped_filenames_preserve_exact_path[line\nname.py-false]
FAILED tests/test_git_quoted_paths.py::test_git_escaped_filenames_preserve_exact_path[return\rname.py-true]
FAILED tests/test_git_quoted_paths.py::test_git_escaped_filenames_preserve_exact_path[return\rname.py-false]
FAILED tests/test_git_quoted_paths.py::test_git_escaped_filenames_preserve_exact_path[caf\xe9\tname.py-true]
FAILED tests/test_git_quoted_paths.py::test_git_escaped_filenames_preserve_exact_path[caf\xe9\tname.py-false]
FAILED tests/test_git_quoted_paths.py::test_quoted_new_and_deleted_paths_keep_dev_null_meaning
FAILED tests/test_git_quoted_paths.py::test_quoted_rename_with_change_uses_new_worktree_path
FAILED tests/test_git_quoted_paths.py::test_quoted_test_paths_remain_excluded_by_default
FAILED tests/test_git_quoted_paths.py::test_malformed_git_quoted_header_is_explicitly_refused["b/unclosed.py]
FAILED tests/test_git_quoted_paths.py::test_malformed_git_quoted_header_is_explicitly_refused["b/trailing\\"]
FAILED tests/test_git_quoted_paths.py::test_malformed_git_quoted_header_is_explicitly_refused["b/bad\\x41.py"]
FAILED tests/test_git_quoted_paths.py::test_malformed_git_quoted_header_is_explicitly_refused["b/bad\\u00e9.py"]
FAILED tests/test_git_quoted_paths.py::test_malformed_git_quoted_header_is_explicitly_refused["b/bad\\1.py"]
FAILED tests/test_git_quoted_paths.py::test_malformed_git_quoted_header_is_explicitly_refused["b/bad\\777.py"]
FAILED tests/test_git_quoted_paths.py::test_malformed_git_quoted_header_is_explicitly_refused["b/nul\\000.py"]
FAILED tests/test_git_quoted_paths.py::test_malformed_git_quoted_header_is_explicitly_refused["b/name.py"junk]
FAILED tests/test_git_quoted_paths.py::test_octal_filename_bytes_round_trip_through_the_filesystem
27 failed, 4 passed in 0.60s
